charaterTest.GraphQLTest.testGraphQLGetRequestWithValidDetails=[
  {
    "data": {
      "characters": {
        "info": {
          "count": 68
        },
        "results": [
          {
            "name": "Hammerhead Morty"
          },
          {
            "name": "Lawyer Morty"
          },
          {
            "name": "Lizard Morty"
          },
          {
            "name": "Long Sleeved Morty"
          },
          {
            "name": "Mechanical Morty"
          },
          {
            "name": "Morty Mart Manager Morty"
          },
          {
            "name": "Morty Jr."
          },
          {
            "name": "Morty Rick"
          },
          {
            "name": "Morty Smith"
          },
          {
            "name": "Morty K-22"
          },
          {
            "name": "Morty Smith"
          },
          {
            "name": "Mortytown Loco"
          },
          {
            "name": "Robot Morty"
          },
          {
            "name": "Slick Morty"
          },
          {
            "name": "Tortured Morty"
          },
          {
            "name": "Toxic Morty"
          },
          {
            "name": "Trunk Morty"
          },
          {
            "name": "Bearded Morty"
          },
          {
            "name": "Morty Jr's interviewer"
          },
          {
            "name": "Bartender Morty"
          }
        ]
      },
      "location": {
        "id": "1"
      },
      "episodesByIds": [
        {
          "id": "1"
        },
        {
          "id": "2"
        }
      ]
    }
  }
]